Control Set Information: 
Number of unique control sets: 228
Minimum Number of register sites lost to control set restrictions: 822
-------------------------------------------------------------------------------------------------------------------------------------------------------------------------------------------------------------------------------
| Clock Signal                     | Enable Signal                                                                     | Set/Reset Signal                                               | Slice Load Count   | Bel Load Count |
-------------------------------------------------------------------------------------------------------------------------------------------------------------------------------------------------------------------------------
| sys0_clk                         | ftop/senderDM1/mesgIngressF/O15                                                   | ftop/rstndb/O2                                                 | 1                  | 1
| sys0_clk                         | ftop/producer1DM1/nextLengthF/d1di                                                |                                                                | 1                  | 1
| sys0_clk                         | ftop/senderDM1/bsEnqF/WILL_FIRE_RL_enqMH                                          | ftop/rstndb/O2                                                 | 1                  | 1
| sys0_clk                         | ftop/fau1DM1/bram_serverAdapterB_outDataCore/not_ring_full                        | ftop/rstndb/O2                                                 | 1                  | 1
| sys0_clk                         | ftop/fdu1DM1/freeF/WILL_FIRE_RL_signalFreeInit                                    | ftop/rstndb/O2                                                 | 1                  | 1
| sys0_clk                         | ftop/fau1DM1/freeF/WILL_FIRE_RL_signalFreeInit                                    | ftop/rstndb/O2                                                 | 1                  | 1
| ftop/sys1_clk_O                  | ftop/gmac/gmac/txRS_txF/WILL_FIRE_RL_txRS_egress_EOF                              | ftop/gmac/gmac/txRS_txRst/SR[0]                                | 1                  | 1
| sys0_clk                         | ftop/fdu1DM1/bram_serverAdapterB_outDataCore/not_ring_full                        | ftop/rstndb/O2                                                 | 1                  | 1
| sys0_clk                         | ftop/producer2DM1/nextLengthF/d1di                                                |                                                                | 1                  | 1
| sys0_clk                         | ftop/fau2DM1/bram_serverAdapterB_outDataCore/not_ring_full                        | ftop/rstndb/O2                                                 | 1                  | 1
| sys0_clk                         | ftop/fau2DM1/freeF/WILL_FIRE_RL_signalFreeInit                                    | ftop/rstndb/O2                                                 | 1                  | 1
| ftop/sys1_clk_O                  |                                                                                   | ftop/rstndb/O2                                                 | 1                  | 1
| ftop/sys1_clk_O                  |                                                                                   | ftop/gmac/gmac/txRS_txRst/SR[0]                                | 1                  | 1
| sys0_clk                         | ftop/mergeWireDM1/egressWireInF/header_EN                                         | ftop/rstndb/O2                                                 | 1                  | 1
| ftop/gmac/gmac/n_4126_rxClk_BUFR | ftop/gmac/gmac/rxRS_rxOperateS/rxRS_rxOperateS_dD_OUT                             | ftop/n_4126_dDoutReg_reg[9]_i_2__0                             | 1                  | 1
| sys0_clk                         | ftop/fdu2DM1/freeF/WILL_FIRE_RL_signalFreeInit                                    | ftop/rstndb/O2                                                 | 1                  | 1
| sys0_clk                         | ftop/fdu2DM1/bram_serverAdapterB_outDataCore/not_ring_full                        | ftop/rstndb/O2                                                 | 1                  | 1
| sys0_clk                         | ftop/l2header/funnel_inF/E[0]                                                     | ftop/rstndb/O2                                                 | 1                  | 2
| sys0_clk                         | ftop/senderDM1/mesgIngressF/O51[0]                                                | ftop/rstndb/O2                                                 | 1                  | 2
| sys0_clk                         | ftop/l2remover/funnel_outF/E[0]                                                   | ftop/rstndb/O2                                                 | 1                  | 2
| sys0_clk                         | ftop/l2remover/unfunnel_inF/E[0]                                                  | ftop/rstndb/O2                                                 | 1                  | 2
| sys0_clk                         | ftop/producer1DM1/nextLengthF/WILL_FIRE_RL_prepLength                             | ftop/rstndb/O2                                                 | 1                  | 2
| sys0_clk                         |                                                                                   | ftop/idc_idcRst/rstSync/n_4126_reset_hold_reg[1]_i_1           | 1                  | 2
| sys0_clk                         | ftop/l2header/unfunnel_inF/CAN_FIRE_RL_unfunnel_unfunnel                          | ftop/rstndb/O2                                                 | 2                  | 2
| sys0_clk                         | ftop/receiverDM1/mesgEgressF/E[0]                                                 | ftop/rstndb/O2                                                 | 1                  | 2
| ftop/sys1_clk_O                  | ftop/gmac/rxfun_inF/CAN_FIRE_RL_rxfun_unfunnel                                    | ftop/n_4126_dDoutReg_reg[9]_i_2                                | 1                  | 2
| sys0_clk                         | ftop/producer2DM1/nextLengthF/WILL_FIRE_RL_prepLength                             | ftop/rstndb/O2                                                 | 1                  | 2
| ftop/sys1_clk_O                  | ftop/gmac/txfun_inF/E[0]                                                          | ftop/n_4126_dDoutReg_reg[9]_i_2                                | 1                  | 2
| sys0_clk                         | ftop/mergeWireDM1/egressWireOutF/WILL_FIRE_RL_assignArbiter                       | ftop/rstndb/O2                                                 | 1                  | 2
| sys0_clk                         | ftop/fdu2DM1/lengthF/E[0]                                                         | ftop/rstndb/O2                                                 | 1                  | 3
| sys0_clk                         | ftop/fau2DM1/lengthF/O2[0]                                                        | ftop/rstndb/O2                                                 | 2                  | 3
| sys0_clk                         | ftop/fau1DM1/freeF/E[0]                                                           | ftop/rstndb/O2                                                 | 1                  | 3
| ftop/sys1_clk_O                  | ftop/gmac/gmac/txRS_txOperateS/E[0]                                               | ftop/gmac/gmac/txRS_txRst/SR[0]                                | 2                  | 3
| sys0_clk                         | ftop/fdu1DM1/lengthF/E[0]                                                         | ftop/rstndb/O2                                                 | 1                  | 3
| ftop/gmac/gmac/n_4126_rxClk_BUFR |                                                                                   | ftop/n_4126_dDoutReg_reg[9]_i_2                                | 3                  | 4
| sys0_clk                         | ftop/consumerDM1/metaIngressExpF/incorrectMeta_EN                                 | ftop/rstndb/O2                                                 | 2                  | 4
| sys0_clk                         | ftop/consumerDM1/dataIngressExpF/incorrectData_EN                                 | ftop/rstndb/O2                                                 | 2                  | 4
| sys0_clk                         | ftop/idc_idcRst/E[0]                                                              | sys0_rst_IBUF                                                  | 1                  | 4
| sys0_clk                         | ftop/l2remover/unfunnel_outF/d1di                                                 | ftop/l2remover/unfunnel_inF/O4                                 | 2                  | 4
| ftop/gmac/gmac/n_4126_rxClk_BUFR | ftop/gmac/gmac/rxRS_rxOperateS/E[0]                                               | ftop/n_4126_dDoutReg_reg[9]_i_2__0                             | 1                  | 4
| sys0_clk                         | ftop/senderDM1/datagramEgressF/d1di                                               | ftop/senderDM1/datagramEgressF/n_4126_data1_reg_reg[4]_i_1__15 | 2                  | 4
| sys0_clk                         | ftop/l2header/absToL2F/E[0]                                                       | ftop/rstndb/O2                                                 | 1                  | 4
| sys0_clk                         | ftop/n_4126_idc_doResetCount_reg[3]_i_1                                           | sys0_rst_IBUF                                                  | 1                  | 4
| ftop/sys1_clk_O                  | ftop/gmac/gmac/txRS_txOperateS/O6[0]                                              | ftop/gmac/gmac/txRS_txRst/SR[0]                                | 1                  | 5
| ftop/sys1_clk_O                  | ftop/gmac/gmac/txRS_txOperateS/O9[0]                                              | ftop/gmac/gmac/txRS_txRst/SR[0]                                | 3                  | 5
| sys0_clk                         | ftop/l2remover/absToL2F/O4[0]                                                     | ftop/rstndb/O2                                                 | 2                  | 5
| sys0_clk                         | ftop/l2remover/unfunnel_outF/d1di                                                 | ftop/l2remover/unfunnel_inF/O1                                 | 2                  | 5
| ftop/gmac/gmac/n_4126_rxClk_BUFR | ftop/gmac/gmac/rxRS_rxOperateS/O5[0]                                              | ftop/n_4126_dDoutReg_reg[9]_i_2__0                             | 2                  | 6
| sys0_clk                         | ftop/hbdg2qabs/hexbdgIngressF/E[0]                                                | ftop/rstndb/O2                                                 | 2                  | 7
| ftop/sys1_clk_O                  |                                                                                   | ftop/gmac/gmac/txRS_txF/SR[0]                                  | 3                  | 8
| sys0_clk                         | ftop/senderDM1/bsEnqF/d1di                                                        | ftop/senderDM1/bsEnqF/n_4126_data1_reg_reg[130]_i_1__4         | 5                  | 8
| sys0_clk                         | ftop/l2header/unfunnel_inF/d1di                                                   | ftop/l2header/unfunnel_inF/O9                                  | 3                  | 8
| ftop/sys1_clk_O                  |                                                                                   | ftop/n_4126_dDoutReg_reg[9]_i_2__0                             | 2                  | 9
| sys0_clk                         | ftop/producer1DM1/nextLengthF/CAN_FIRE_RL_generateMeta                            | ftop/rstndb/O2                                                 | 3                  | 9
| sys0_clk                         | ftop/producer2DM1/nextLengthF/CAN_FIRE_RL_generateMeta                            | ftop/rstndb/O2                                                 | 3                  | 9
| sys0_clk                         | ftop/senderDM1/bsEnqF/d1di                                                        | ftop/senderDM1/bsEnqF/n_4126_data1_reg_reg[59]_i_1__8          | 6                  | 9
| sys0_clk                         |                                                                                   | ftop/n_4126_dDoutReg_reg[9]_i_2                                | 3                  | 9
| sys0_clk                         | ftop/fau2DM1/freeF/E[0]                                                           | ftop/rstndb/O2                                                 | 3                  | 10
| sys0_clk                         | ftop/fau1DM1/datagramIngressF/E[0]                                                |                                                                | 4                  | 10
| sys0_clk                         | ftop/fau2DM1/datagramIngressF/E[0]                                                |                                                                | 2                  | 10
| sys0_clk                         | ftop/gmac/txF/E[0]                                                                | sys0_rst_IBUF                                                  | 2                  | 10
| ftop/sys1_clk_O                  | ftop/gmac/rxfun_inF/d1di                                                          |                                                                | 2                  | 10
| sys0_clk                         | ftop/fau1DM1/freeF/O6[0]                                                          | ftop/rstndb/O2                                                 | 3                  | 10
| sys0_clk                         | ftop/l2header/unfunnel_inF/d1di                                                   | ftop/l2header/unfunnel_inF/O8                                  | 5                  | 10
| ftop/sys1_clk_O                  | ftop/gmac/rxF/CAN_FIRE_RL_mkConnectionGetPut_1                                    | ftop/n_4126_dDoutReg_reg[9]_i_2                                | 3                  | 10
| sys0_clk                         | ftop/fdu1DM1/readTriggerF/O2[0]                                                   | ftop/rstndb/O2                                                 | 3                  | 10
| sys0_clk                         | ftop/fdu1DM1/readTriggerF/CAN_FIRE_RL_bram_serverAdapterB_stageReadResponseAlways | ftop/rstndb/O2                                                 | 3                  | 10
| sys0_clk                         | ftop/fdu1DM1/datagramIngressF/I9[0]                                               |                                                                | 4                  | 10
| sys0_clk                         | ftop/fdu1DM1/bram_serverAdapterB_outDataCore/WILL_FIRE_RL_readBRAM                | ftop/rstndb/O2                                                 | 2                  | 10
| ftop/sys1_clk_O                  | ftop/gmac/txfun_outF/n_4126_data1_reg_reg[9]_i_1__20                              |                                                                | 4                  | 10
| sys0_clk                         | ftop/l2remover/absToQF/d1di                                                       |                                                                | 2                  | 10
| sys0_clk                         | ftop/l2remover/unfunnel_inF/d1di                                                  |                                                                | 2                  | 10
| sys0_clk                         | ftop/l2remover/funnel_outF/d1di                                                   |                                                                | 4                  | 10
| sys0_clk                         | ftop/l2remover/absToL2F/d1di                                                      |                                                                | 2                  | 10
| sys0_clk                         | ftop/fdu2DM1/datagramIngressF/I10[0]                                              |                                                                | 2                  | 10
| ftop/gmac/gmac/n_4126_rxClk_BUFR |                                                                                   |                                                                | 9                  | 10
| sys0_clk                         | ftop/l2header/absToQF/d1di                                                        |                                                                | 4                  | 10
| sys0_clk                         | ftop/l2header/unfunnel_inF/d1di_0                                                 |                                                                | 2                  | 10
| sys0_clk                         | ftop/fdu2DM1/readTriggerF/CAN_FIRE_RL_bram_serverAdapterB_stageReadResponseAlways | ftop/rstndb/O2                                                 | 5                  | 10
| ftop/gmac/gmac/n_4126_rxClk_BUFR | ftop/gmac/gmac/rxRS_rxOperateS/sENQ                                               | ftop/n_4126_dDoutReg_reg[9]_i_2__0                             | 3                  | 10
| sys0_clk                         | ftop/fdu2DM1/bram_serverAdapterB_outDataCore/WILL_FIRE_RL_readBRAM                | ftop/rstndb/O2                                                 | 3                  | 10
| sys0_clk                         | ftop/l2header/funnel_outF/d1di                                                    |                                                                | 4                  | 10
| sys0_clk                         | ftop/l2header/absToL2F/d1di                                                       |                                                                | 3                  | 10
| sys0_clk                         | ftop/fdu2DM1/readTriggerF/O2[0]                                                   | ftop/rstndb/O2                                                 | 2                  | 10
| sys0_clk                         | ftop/l2header/unfunnel_inF/d1di                                                   |                                                                | 7                  | 11
| sys0_clk                         | ftop/l2header/unfunnel_inF/d1di                                                   | ftop/l2header/unfunnel_inF/O7                                  | 7                  | 11
| ftop/sys1_clk_O                  |                                                                                   | sys0_rst_IBUF                                                  | 4                  | 11
| ftop/gmac/gmac/n_4126_rxClk_BUFR |                                                                                   | ftop/n_4126_dDoutReg_reg[9]_i_2__0                             | 3                  | 11
| ftop/sys1_clk_O                  | ftop/gmac/gmac/txRS_txF/O10[0]                                                    | ftop/gmac/gmac/txRS_txRst/SR[0]                                | 5                  | 12
| ftop/sys1_clk_O                  | ftop/gmac/gmac/txRS_txF/E[0]                                                      | ftop/n_4126_dDoutReg_reg[9]_i_2                                | 4                  | 12
| sys0_clk                         | ftop/qabs2hbdg/qabsIngressF/E[0]                                                  | ftop/rstndb/O2                                                 | 4                  | 13
| sys0_clk                         | ftop/senderDM1/bsEnqF/d1di                                                        | ftop/senderDM1/bsEnqF/n_4126_data1_reg_reg[132]_i_1__4         | 6                  | 14
| sys0_clk                         | ftop/mfFDUDM1/ackEgressF/d1di                                                     |                                                                | 2                  | 16
| sys0_clk                         | ftop/mfFDUDM1/ackIngressF/d1di                                                    |                                                                | 3                  | 16
| sys0_clk                         | ftop/ackAggregatorDM1/ackEgressF/O2                                               | ftop/rstndb/O2                                                 | 5                  | 16
| sys0_clk                         | ftop/fau2DM1/fidEgressF/d1di                                                      |                                                                | 3                  | 16
| sys0_clk                         | ftop/ackAggregatorDM1/fidIngressF1/d1di                                           |                                                                | 3                  | 16
| ftop/sys1_clk_O                  | ftop/gmac/gmac/txRS_txF/E[0]                                                      |                                                                | 1                  | 16
| sys0_clk                         | ftop/ackAggregatorDM1/fidIngressF2/d1di                                           |                                                                | 3                  | 16
| ftop/gmac/gmac/n_4126_rxClk_BUFR | ftop/gmac/gmac/rxRS_rxOperateS/sENQ                                               |                                                                | 2                  | 16
| sys0_clk                         | ftop/fdu1DM1/fidIngressF/d1di                                                     |                                                                | 3                  | 16
| sys0_clk                         | ftop/receiverDM1/bytesToDeq_EN                                                    | ftop/rstndb/O2                                                 | 5                  | 16
| sys0_clk                         | ftop/fdu1DM1/fidEgressF/d1di                                                      |                                                                | 3                  | 16
| sys0_clk                         | ftop/fdu1DM1/fidF/CAN_FIRE_RL_getFID                                              | ftop/rstndb/O2                                                 | 4                  | 16
| sys0_clk                         | ftop/fdu1DM1/fidF/d1di                                                            |                                                                | 2                  | 16
| sys0_clk                         | ftop/fdu2DM1/readTriggerF/E[0]                                                    | ftop/rstndb/O2                                                 | 5                  | 16
| sys0_clk                         | ftop/fdu2DM1/fidIngressF/d1di                                                     |                                                                | 6                  | 16
| sys0_clk                         | ftop/fdu2DM1/fidEgressF/d1di                                                      |                                                                | 3                  | 16
| sys0_clk                         | ftop/fdu1DM1/readTriggerF/E[0]                                                    | ftop/rstndb/O2                                                 | 4                  | 16
| sys0_clk                         | ftop/fdu2DM1/fidF/CAN_FIRE_RL_getFID                                              | ftop/rstndb/O2                                                 | 3                  | 16
| sys0_clk                         | ftop/fdu2DM1/fidF/d1di                                                            |                                                                | 3                  | 16
| sys0_clk                         | ftop/ackTrackerDM1/ackIngressF/d1di                                               |                                                                | 2                  | 16
| sys0_clk                         | ftop/senderDM1/fcF/d1di                                                           |                                                                | 4                  | 16
| sys0_clk                         | ftop/fau1DM1/fidEgressF/d1di                                                      |                                                                | 3                  | 16
| sys0_clk                         | ftop/ackTrackerDM1/fidEgressF2/d1di                                               |                                                                | 5                  | 16
| sys0_clk                         | ftop/senderDM1/mesgIngressF/O99[0]                                                |                                                                | 5                  | 16
| sys0_clk                         | ftop/senderDM1/mesgIngressF/O99[0]                                                | ftop/rstndb/O2                                                 | 7                  | 16
| sys0_clk                         | ftop/senderDM1/mesgIngressF/bytesInFrame_EN                                       | ftop/rstndb/O2                                                 | 6                  | 16
| sys0_clk                         | ftop/ackTrackerDM1/fidEgressF1/d1di                                               |                                                                | 4                  | 16
| sys0_clk                         | ftop/senderDM1/bsEnqF/d1di                                                        | ftop/senderDM1/bsEnqF/n_4126_data1_reg_reg[95]_i_1__6          | 8                  | 16
| sys0_clk                         | ftop/ackTrackerDM1/fidIngressF2/d1di                                              |                                                                | 4                  | 16
| sys0_clk                         | ftop/mergeWireDM1/ackIngressSndF/d1di                                             |                                                                | 2                  | 16
| sys0_clk                         | ftop/ackTrackerDM1/fidF/d1di                                                      |                                                                | 4                  | 16
| sys0_clk                         | ftop/ackTrackerDM1/fidIngressF1/d1di                                              |                                                                | 4                  | 16
| sys0_clk                         | ftop/fau2DM1/datagramIngressF/O7[0]                                               | ftop/rstndb/O2                                                 | 3                  | 17
| sys0_clk                         | ftop/l2header/absToQF/saV_EN                                                      | ftop/l2header/absToQF/O1                                       | 7                  | 17
| sys0_clk                         | ftop/senderDM1/datagramEgressF/WILL_FIRE_RL_frameSourcePump                       | ftop/rstndb/O2                                                 | 8                  | 17
| sys0_clk                         | ftop/fau1DM1/datagramIngressF/O7[0]                                               | ftop/rstndb/O2                                                 | 3                  | 17
| sys0_clk                         | ftop/senderDM1/datagramEgressF/E[0]                                               | ftop/rstndb/O2                                                 | 4                  | 17
| sys0_clk                         | ftop/senderDM1/mesgIngressF/O76[0]                                                | ftop/rstndb/O2                                                 | 5                  | 18
| sys0_clk                         | ftop/fdu1DM1/datagramIngressF/WILL_FIRE_RL_writeBRAM                              | ftop/rstndb/O2                                                 | 5                  | 20
| sys0_clk                         | ftop/fau2DM1/lengthF/CAN_FIRE_RL_bram_serverAdapterB_stageReadResponseAlways      | ftop/rstndb/O2                                                 | 8                  | 20
| sys0_clk                         | ftop/fdu2DM1/datagramIngressF/WILL_FIRE_RL_writeBRAM                              | ftop/rstndb/O2                                                 | 5                  | 20
| ftop/sys1_clk_O                  | ftop/gmac/gmac/rxRS_rxF/p_3_out                                                   | ftop/n_4126_dDoutReg_reg[9]_i_2__0                             | 3                  | 20
| sys0_clk                         | ftop/fau2DM1/datagramIngressF/O6[0]                                               | ftop/rstndb/O2                                                 | 6                  | 20
| sys0_clk                         | ftop/fau1DM1/lengthF/CAN_FIRE_RL_bram_serverAdapterB_stageReadResponseAlways      | ftop/rstndb/O2                                                 | 6                  | 20
| sys0_clk                         | ftop/fau1DM1/datagramIngressF/O6[0]                                               | ftop/rstndb/O2                                                 | 5                  | 20
| sys0_clk                         | ftop/senderDM1/mesgIngressF/E[0]                                                  | ftop/rstndb/O2                                                 | 8                  | 21
| ftop/sys1_clk_O                  | ftop/gmac/gmac/txRS_txF/n_4126_dDoutReg_reg[9]_i_1__0                             | ftop/n_4126_dDoutReg_reg[9]_i_2                                | 4                  | 22
| sys0_clk                         | ftop/mergeWireDM1/egressWireInF/E[0]                                              | ftop/rstndb/O2                                                 | 4                  | 24
| sys0_clk                         |                                                                                   | sys0_rst_IBUF                                                  | 10                 | 28
| ftop/sys1_clk_O                  | ftop/gmac/rxfun_inF/CAN_FIRE_RL_rxfun_unfunnel                                    |                                                                | 6                  | 30
| sys0_clk                         | ftop/l2header/unfunnel_inF/CAN_FIRE_RL_unfunnel_unfunnel                          |                                                                | 11                 | 30
| sys0_clk                         | ftop/l2remover/unfunnel_inF/E[0]                                                  |                                                                | 7                  | 30
| sys0_clk                         | ftop/producer2DM1/mesgEgressF/E[0]                                                | ftop/rstndb/O2                                                 | 10                 | 31
| sys0_clk                         | ftop/producer1DM1/mesgEgressF/E[0]                                                | ftop/rstndb/O2                                                 | 8                  | 31
| sys0_clk                         | ftop/l2header/absToQF/saV_EN                                                      |                                                                | 11                 | 31
| sys0_clk                         | ftop/l2remover/unfunnel_outF/d1di                                                 |                                                                | 10                 | 31
| ftop/sys1_clk_O                  | ftop/gmac/gmac/txRS_txF/O11[0]                                                    | ftop/gmac/gmac/txRS_txRst/SR[0]                                | 14                 | 32
| sys0_clk                         | ftop/mfFAUDM1/ackIngressF/d1di                                                    |                                                                | 10                 | 32
| sys0_clk                         | ftop/ackAggregatorDM1/ackEgressF/d1di                                             |                                                                | 11                 | 32
| ftop/gmac/gmac/n_4126_rxClk_BUFR | ftop/gmac/gmac/rxRS_rxOperateS/O6[0]                                              | ftop/n_4126_dDoutReg_reg[9]_i_2__0                             | 10                 | 32
| sys0_clk                         | ftop/consumerDM1/metaIngressExpF/E[0]                                             | ftop/rstndb/O2                                                 | 12                 | 33
| ftop/sys1_clk_O                  |                                                                                   | ftop/n_4126_dDoutReg_reg[9]_i_2                                | 14                 | 37
| sys0_clk                         | ftop/l2remover/funnel_inF/d1di                                                    |                                                                | 7                  | 40
| sys0_clk                         | ftop/l2remover/qabsIngressF/d1di                                                  |                                                                | 6                  | 40
| sys0_clk                         | ftop/l2remover/absToL2F/O4[0]                                                     |                                                                | 10                 | 40
| sys0_clk                         | ftop/qabs2hbdg/qabsIngressF/d1di                                                  |                                                                | 8                  | 40
| sys0_clk                         | ftop/consumerDM1/mesgIngressExpF/E[0]                                             |                                                                | 6                  | 40
| sys0_clk                         | ftop/l2remover/qabsEgressF/d1di                                                   |                                                                | 9                  | 40
| sys0_clk                         | ftop/hbdg2qabs/qabsEgressF/d1di                                                   |                                                                | 14                 | 40
| sys0_clk                         | ftop/l2header/qabsIngressF/d1di                                                   |                                                                | 8                  | 40
| sys0_clk                         | ftop/l2header/funnel_inF/d1di                                                     |                                                                | 9                  | 40
| sys0_clk                         | ftop/consumerDM1/metaIngressRcvF/d1di                                             |                                                                | 8                  | 40
| ftop/sys1_clk_O                  | ftop/gmac/rxfun_inF/E[0]                                                          |                                                                | 10                 | 40
| ftop/sys1_clk_O                  | ftop/gmac/txfun_inF/n_4126_data1_reg_reg[39]_i_1__21                              |                                                                | 9                  | 40
| sys0_clk                         | ftop/l2header/qabsEgressF/d1di                                                    |                                                                | 9                  | 40
| sys0_clk                         | ftop/receiverDM1/mesgEgressF/d1di                                                 |                                                                | 16                 | 41
| sys0_clk                         | ftop/l2remover/absToL2F/E[0]                                                      |                                                                | 9                  | 48
| sys0_clk                         | ftop/l2header/absToQF/daV_EN                                                      | ftop/l2header/absToQF/O2                                       | 15                 | 48
| ftop/gmac/gmac/n_4126_rxClk_BUFR | ftop/gmac/gmac/rxRS_rxOperateS/O7[0]                                              |                                                                | 12                 | 48
| sys0_clk                         | ftop/gmac/rxF/p_3_out                                                             | ftop/n_4126_dDoutReg_reg[9]_i_2                                | 11                 | 50
| ftop/sys1_clk_O                  | ftop/gmac/txF/n_4126_dDoutReg_reg[39]_i_1__0                                      | sys0_rst_IBUF                                                  | 12                 | 50
| sys0_clk                         | ftop/gmac/txF/E[0]                                                                |                                                                | 7                  | 56
| ftop/sys1_clk_O                  | ftop/gmac/rxF/CAN_FIRE_RL_mkConnectionGetPut_1                                    |                                                                | 7                  | 56
| sys0_clk                         | ftop/senderDM1/bsEnqF/d1di                                                        |                                                                | 32                 | 86
| sys0_clk                         | ftop/receiverDM1/mesgEgressF/d1di                                                 | ftop/receiverDM1/mesgEgressF/n_4126_data1_reg_reg[126]_i_1__6  | 22                 | 88
| sys0_clk                         | ftop/qabs2hbdg/qabsIngressF/E[0]                                                  |                                                                | 22                 | 96
| ftop/sys1_clk_O                  |                                                                                   |                                                                | 34                 | 110
| sys0_clk                         | ftop/senderDM1/mesgIngressF/d1di                                                  |                                                                | 40                 | 128
| sys0_clk                         | ftop/consumerDM1/dataIngressExpF/d1di                                             |                                                                | 22                 | 128
| sys0_clk                         | ftop/consumerDM1/dataIngressRcvF/d1di                                             |                                                                | 27                 | 128
| sys0_clk                         | ftop/producer1DM1/mesgEgressF/patternV_EN                                         | ftop/rstndb/O2                                                 | 22                 | 128
| sys0_clk                         | ftop/producer2DM1/mesgEgressF/patternV_EN                                         | ftop/rstndb/O2                                                 | 24                 | 128
| sys0_clk                         | ftop/producer1DM1/mesgEgressF/d1di                                                |                                                                | 40                 | 128
| sys0_clk                         | ftop/producer2DM1/mesgEgressF/d1di                                                |                                                                | 43                 | 129
| sys0_clk                         | ftop/consumerDM1/mesgIngressExpF/d1di                                             |                                                                | 23                 | 129
| sys0_clk                         | ftop/consumerDM1/mesgIngressRcvF/d1di                                             |                                                                | 25                 | 129
| sys0_clk                         | ftop/senderDM1/datagramEgressF/d1di                                               |                                                                | 38                 | 130
| sys0_clk                         | ftop/mergeWireDM1/ackIngressRcvF/d1di                                             |                                                                | 27                 | 134
| sys0_clk                         | ftop/receiverDM1/datagramIngressF/d1di                                            |                                                                | 37                 | 134
| sys0_clk                         | ftop/mergeWireDM1/egressWireOutF/d1di                                             |                                                                | 40                 | 134
| sys0_clk                         | ftop/fdu1DM1/datagramIngressF/d1di                                                |                                                                | 37                 | 134
| sys0_clk                         | ftop/mergeWireDM1/datagramIngressSndF/d1di                                        |                                                                | 35                 | 134
| sys0_clk                         | ftop/fdu1DM1/bram_serverAdapterB_outDataCore/E[0]                                 |                                                                | 35                 | 134
| sys0_clk                         | ftop/fdu1DM1/bram_serverAdapterB_outDataCore/n_4126_D_OUT_reg[133]_i_1__2         |                                                                | 48                 | 134
| sys0_clk                         | ftop/forkSndDM1_datagramIngressF/d1di                                             |                                                                | 30                 | 134
| sys0_clk                         | ftop/mfFAUDM1/datagramIngressF/d1di                                               |                                                                | 32                 | 134
| sys0_clk                         | ftop/mfFAUDM1/ackEgressF/d1di                                                     |                                                                | 30                 | 134
| sys0_clk                         | ftop/mfFAUDM1/datagramEgressF1/d1di                                               |                                                                | 26                 | 134
| sys0_clk                         | ftop/mfFAUDM1/datagramEgressF2/d1di                                               |                                                                | 28                 | 134
| sys0_clk                         | ftop/mergeWireDM1/ackIngressSndF/E[0]                                             |                                                                | 34                 | 134
| sys0_clk                         | ftop/qabs2hbdg/hexbdgEgressF/d1di                                                 |                                                                | 42                 | 134
| sys0_clk                         | ftop/forkSndDM1_datagramEgressF1/d1di                                             |                                                                | 42                 | 134
| sys0_clk                         | ftop/forkSndDM1_datagramEgressF2/d1di                                             |                                                                | 35                 | 134
| sys0_clk                         | ftop/hbdg2qabs/hexbdgIngressF/d1di                                                |                                                                | 26                 | 134
| sys0_clk                         | ftop/mergeWireDM1/egressWireInF/d1di                                              |                                                                | 23                 | 134
| sys0_clk                         | ftop/fau2DM1/datagramEgressF/d1di                                                 |                                                                | 41                 | 134
| sys0_clk                         | ftop/mfFDUDM1/datagramIngressF2/d1di                                              |                                                                | 36                 | 134
| sys0_clk                         | ftop/mergeRcvDM1_datagramEgressF/d1di                                             |                                                                | 34                 | 134
| sys0_clk                         | ftop/mfFDUDM1/datagramIngressF1/d1di                                              |                                                                | 21                 | 134
| sys0_clk                         | ftop/fau2DM1/bram_serverAdapterB_outDataCore/n_4126_D_OUT_reg[133]_i_1__0         |                                                                | 38                 | 134
| sys0_clk                         | ftop/mergeRcvDM1_datagramIngressF1/d1di                                           |                                                                | 37                 | 134
| sys0_clk                         | ftop/mergeRcvDM1_datagramIngressF2/d1di                                           |                                                                | 29                 | 134
| sys0_clk                         | ftop/fdu2DM1/bram_serverAdapterB_outDataCore/E[0]                                 |                                                                | 33                 | 134
| sys0_clk                         | ftop/fau2DM1/datagramIngressF/d1di                                                |                                                                | 35                 | 134
| sys0_clk                         | ftop/fau1DM1/bram_serverAdapterB_outDataCore/n_4126_D_OUT_reg[133]_i_1            |                                                                | 44                 | 134
| sys0_clk                         | ftop/fdu2DM1/bram_serverAdapterB_outDataCore/n_4126_D_OUT_reg[133]_i_1__1         |                                                                | 48                 | 134
| sys0_clk                         | ftop/mfFDUDM1/datagramEgressF/d1di                                                |                                                                | 36                 | 134
| sys0_clk                         | ftop/fau1DM1/datagramEgressF/d1di                                                 |                                                                | 41                 | 134
| sys0_clk                         | ftop/fdu2DM1/datagramIngressF/d1di                                                |                                                                | 31                 | 134
| sys0_clk                         | ftop/fau1DM1/datagramIngressF/d1di                                                |                                                                | 32                 | 134
| sys0_clk                         | ftop/fdu1DM1/bram_serverAdapterB_outDataCore/n_4126_arr_reg_0_1_0_5_i_1__2        |                                                                | 23                 | 184
| sys0_clk                         | ftop/fdu2DM1/bram_serverAdapterB_outDataCore/n_4126_arr_reg_0_1_0_5_i_1__1        |                                                                | 23                 | 184
| sys0_clk                         | ftop/fau1DM1/bram_serverAdapterB_outDataCore/n_4126_arr_reg_0_1_0_5_i_1           |                                                                | 23                 | 184
| sys0_clk                         | ftop/fau2DM1/bram_serverAdapterB_outDataCore/n_4126_arr_reg_0_1_0_5_i_1__0        |                                                                | 23                 | 184
| sys0_clk                         |                                                                                   | ftop/rstndb/O2                                                 | 479                | 856
| sys0_clk                         |                                                                                   |                                                                | 1936               | 6483
-------------------------------------------------------------------------------------------------------------------------------------------------------------------------------------------------------------------------------
